// Jest Snapshot v1, https://goo.gl/fbAQLP

exports[`Backend ResourceCollection New Container renders correctly 1`] = `
<div>
  <section
    className="backend-header"
  >
    <nav
      className="backend-header__breadcrumbs breadcrumbs"
    >
      <div
        className="breadcrumbs__inner"
      >
        <a
          className="breadcrumbs__link"
          href="/backend/projects/1/resource-collections"
          onClick={[Function]}
        >
          <svg
            aria-hidden={true}
            className="manicon-svg breadcrumbs__icon breadcrumbs__icon--small svg-icon--arrowLeft16"
            fill="currentColor"
            height={16}
            viewBox="0 0 16 16"
            width={16}
            xmlns="http://www.w3.org/2000/svg"
          >
            <path
              d="M11.9210555,8.50098377 L2,8.50098377 L2,7.49848233 L11.9183709,7.49848233 L6.66539051,2.76142495 L7.34860956,2 L14.0012062,7.99920999 L7.36512848,14 L6.68087158,13.2395122 L11.9210555,8.50098377 Z"
              transform="rotate(180 8 8)"
            />
          </svg>
          <svg
            aria-hidden={true}
            className="manicon-svg breadcrumbs__icon breadcrumbs__icon--large svg-icon--arrowLeft32"
            fill="currentColor"
            height={32}
            viewBox="0 0 32 32"
            width={32}
            xmlns="http://www.w3.org/2000/svg"
          >
            <path
              d="M14.0744069,7.75197978 L14.7335931,7 L25.0005111,15.9999899 L14.7335931,24.9999798 L14.0744069,24.2480001 L23.483489,15.9999899 L14.0744069,7.75197978 Z M24.1022001,15.4999899 L24.1022001,16.4999899 L7,16.4999899 L7,15.4999899 L24.1022001,15.4999899 Z"
              transform="rotate(180 16 16)"
            />
          </svg>
          Rowan Test
        </a>
      </div>
    </nav>
    <div
      className="backend-header__inner backend-header__inner--padded"
    >
      <header
        className="backend-header__content-wrapper"
      >
        <div
          className="backend-header__title-block"
        >
          <h1
            className="backend-header__title"
          >
            <span
              dangerouslySetInnerHTML={
                Object {
                  "__html": "New Collection",
                }
              }
            />
            <span
              className="backend-header__subtitle"
            />
          </h1>
        </div>
        <div
          className="backend-header__utility-block"
        >
          <span
            className="backend-header__note"
          >
            Enter a name and a brief description. Press save to continue.
          </span>
        </div>
        <figure
          className="backend-header__figure-block"
        >
          <div
            className="backend-header__figure"
          >
            <svg
              aria-hidden={true}
              className="manicon-svg backend-header__type-icon svg-icon--ResourceCollection64"
              fill="currentColor"
              height={64}
              viewBox="0 0 64 64"
              width={64}
              xmlns="http://www.w3.org/2000/svg"
            >
              <path
                d="M24,39 L24,45 L40,45 L40,39 L24,39 Z M42,37 L42,47 L22,47 L22,37 L42,37 Z M56,20.4707664 L47.6615077,14 L16.3394622,14 L7.99999996,20.4707998 L7.99999996,25 L56,25 L56,20.4707664 Z M58,27 L5.99999996,27 L5.99999996,19.4912002 L15.6545377,12 L48.3464923,12 L58,19.4912335 L58,27 Z M57,19 L57,21 L6.99999996,21 L6.99999996,19 L57,19 Z M54,52 L54,26 L56,26 L56,54 L7.99999996,54 L7.99999996,26 L9.99999997,26 L9.99999997,52 L54,52 Z M34.998,26.0006 L36.998,26.0006 C36.9980001,27.7862134 36.0453867,29.4361883 34.499,30.3289951 C32.9526134,31.2218018 31.0473866,31.2218018 29.501,30.3289951 C27.9546133,29.4361883 27.0019999,27.7862134 27.002,26.0006 L29.002,26.0006 C29.002,27.0716823 29.5734155,28.0614031 30.501,28.5969443 C31.4285844,29.1324854 32.5714156,29.1324854 33.499,28.5969443 C34.4265845,28.0614031 34.998,27.0716823 34.998,26.0006 Z"
              />
            </svg>
          </div>
        </figure>
      </header>
    </div>
  </section>
  <div
    className="backend-panel"
  >
    <div
      className="container"
    >
      <div
        className="panel"
      >
        <div>
          <form
            className="form-secondary"
            data-id="submit"
            onSubmit={[Function]}
          >
            <div
              className="form-input"
              style={Object {}}
            >
              <label
                className=""
                htmlFor="attributes[title]-text-input-1"
              >
                Title
              </label>
              <input
                aria-describedby="attributes[title]-text-input-1"
                id="attributes[title]-text-input-1"
                onChange={[Function]}
                placeholder="Enter a title"
                type="text"
                value=""
              />
            </div>
            <div
              className="form-input"
            >
              <div
                className="form-input"
                style={Object {}}
              >
                <label
                  className=""
                  htmlFor="textarea-1"
                >
                  Description
                </label>
                <textarea
                  aria-describedby="textarea-error-1"
                  id="textarea-1"
                  onChange={[Function]}
                  placeholder="Enter a description"
                  style={
                    Object {
                      "height": 100,
                    }
                  }
                  value=""
                />
              </div>
            </div>
            <div
              className="form-input"
            >
              <div
                className="form-input"
                style={Object {}}
              >
                <label
                  className=""
                  htmlFor="upload-1"
                >
                  Cover Image
                </label>
                <react-dropzone
                  accepts={
                    Object {
                      "accepts": "image/*",
                      "extensions": "gif, jpeg, jpg, png",
                    }
                  }
                  className="form-dropzone style-landscape"
                  inputProps={
                    Object {
                      "aria-describedby": "upload-error-1",
                      "id": "upload-1",
                    }
                  }
                  multiple={false}
                  onDrop={[Function]}
                >
                  <div
                    className="contents-empty"
                  >
                    <i
                      aria-hidden="true"
                      className="manicon manicon-cloud-up"
                    />
                    <div
                      className="message"
                    >
                      <p
                        className="primary"
                      >
                        <span
                          className="fake-link"
                          role="button"
                          tabIndex="0"
                        >
                          Upload a file
                        </span>
                         or 
                        <br />
                        drag and drop here
                        <br />
                      </p>
                      <p
                        className="secondary"
                      >
                        gif, jpeg, jpg, png
                      </p>
                    </div>
                  </div>
                </react-dropzone>
              </div>
            </div>
            <div
              className="form-input submit wide"
            >
              <a
                className="button-secondary outlined dull"
                href="/backend/projects/1/resources"
                onClick={[Function]}
              >
                Cancel
              </a>
              <input
                className="button-secondary outlined"
                type="submit"
                value="Save and continue"
              />
            </div>
          </form>
        </div>
      </div>
    </div>
  </div>
</div>
`;
