// Jest Snapshot v1, https://goo.gl/fbAQLP

exports[`Backend Resource General Container renders correctly 1`] = `
<section>
  <div>
    <form
      className="form-secondary"
      data-id="submit"
      onSubmit={[Function]}
    >
      <div
        className="resource-kind-picker form-secondary"
      >
        <div
          className="form-input"
        >
          <label
            htmlFor="kind-1"
          >
            Kind
          </label>
          <div
            className="picker-select select-only"
          >
            <div
              className="form-select"
            >
              <i
                aria-hidden="true"
                className="manicon manicon-caret-down"
              />
              <select
                id="kind-1"
                onChange={[Function]}
                value="image"
              >
                <option
                  id="image"
                  value="image"
                >
                  Image
                </option>
                <option
                  id="video"
                  value="video"
                >
                  Video
                </option>
                <option
                  id="audio"
                  value="audio"
                >
                  Audio
                </option>
                <option
                  id="file"
                  value="file"
                >
                  File
                </option>
                <option
                  id="link"
                  value="link"
                >
                  Link
                </option>
                <option
                  id="pdf"
                  value="pdf"
                >
                  PDF
                </option>
                <option
                  id="document"
                  value="document"
                >
                  Document
                </option>
                <option
                  id="spreadsheet"
                  value="spreadsheet"
                >
                  Spreadsheet
                </option>
                <option
                  id="presentation"
                  value="presentation"
                >
                  Presentation
                </option>
                <option
                  id="interactive"
                  value="interactive"
                >
                  Interactive
                </option>
              </select>
            </div>
          </div>
        </div>
      </div>
      <div
        className="form-input"
        style={Object {}}
      >
        <label
          className=""
          htmlFor="attributes[title]-text-input-1"
        >
          Title
        </label>
        <input
          aria-describedby="attributes[title]-text-input-1"
          id="attributes[title]-text-input-1"
          onChange={[Function]}
          placeholder="Enter a title"
          type="text"
          value="Image"
        />
      </div>
      <div
        className="form-input"
        style={Object {}}
      >
        <label
          className=""
          htmlFor="attributes[fingerprint]-text-input-1"
        >
          Fingerprint
        </label>
        <input
          aria-describedby="attributes[fingerprint]-text-input-1"
          id="attributes[fingerprint]-text-input-1"
          onChange={[Function]}
          placeholder="Enter fingerprint"
          type="text"
          value=""
        />
      </div>
      <div
        className="form-input"
        style={Object {}}
      >
        <label
          className=""
          htmlFor="attributes[slug]-text-input-1"
        >
          Slug
        </label>
        <input
          aria-describedby="attributes[slug]-text-input-1"
          id="attributes[slug]-text-input-1"
          onChange={[Function]}
          placeholder="Enter slug"
          type="text"
          value="slug-1"
        />
      </div>
      <div
        className="form-input"
        style={Object {}}
      >
        <label
          className=""
          htmlFor="attributes[tagList]-tag-list-1"
        >
          Tags
        </label>
        <div
          className="input-predictive"
        >
          <div
            className="input-predictive__input"
          >
            <input
              aria-describedby={null}
              aria-label="Enter a Tag"
              className="input-predictive__text-input text-input"
              onBlur={[Function]}
              onChange={[Function]}
              onFocus={[Function]}
              onKeyDown={[Function]}
              onKeyPress={[Function]}
              placeholder="Enter a Tag"
              type="text"
              value=""
            />
            <button
              aria-hidden="true"
              className="input-predictive__button"
              onClick={[Function]}
              type="button"
            >
              <svg
                aria-hidden={true}
                className="manicon-svg input-predictive__icon svg-icon--plus16"
                fill="currentColor"
                height={20}
                viewBox="0 0 16 16"
                width={20}
                xmlns="http://www.w3.org/2000/svg"
              >
                <path
                  d="M2.01435,8.5138 L2.014482,7.5138 L14.01435,7.5149 L14.014218,8.5149 L2.01435,8.5138 Z M8.5149,14.014218 L7.5149,14.01435 L7.5138,2.014482 L8.5138,2.01435 L8.5149,14.014218 Z"
                />
              </svg>
            </button>
          </div>
          <nav
            className="input-predictive__results-wrapper"
          >
            <ul
              className="input-predictive__results"
            />
          </nav>
        </div>
        <div
          className="has-many-list"
        >
          <ul
            className="bucket"
          >
            <li>
              <div
                className="association"
              >
                <h4
                  className="association-name"
                >
                  dog
                </h4>
              </div>
              <div
                className="utility"
              >
                <button
                  className="utility__button"
                  onClick={[Function]}
                  type="button"
                >
                  <span
                    className="screen-reader-text"
                  >
                    Remove 
                    dog
                     from the 
                    Tags
                     list.
                  </span>
                  <svg
                    aria-hidden={true}
                    className="manicon-svg utility__icon utility__icon--close svg-icon--close32"
                    fill="currentColor"
                    height={26}
                    viewBox="0 0 32 32"
                    width={26}
                    xmlns="http://www.w3.org/2000/svg"
                  >
                    <path
                      d="M7.00007316,7.70847994 L7.70712678,7.00132 L24.9999268,24.2915201 L24.2928732,24.99868 L7.00007316,7.70847994 Z M7.70712678,24.99868 L7.00007316,24.2915201 L24.2928732,7.00132 L24.9999268,7.70847994 L7.70712678,24.99868 Z"
                    />
                  </svg>
                </button>
              </div>
            </li>
            <li>
              <div
                className="association"
              >
                <h4
                  className="association-name"
                >
                  puppy
                </h4>
              </div>
              <div
                className="utility"
              >
                <button
                  className="utility__button"
                  onClick={[Function]}
                  type="button"
                >
                  <span
                    className="screen-reader-text"
                  >
                    Remove 
                    puppy
                     from the 
                    Tags
                     list.
                  </span>
                  <svg
                    aria-hidden={true}
                    className="manicon-svg utility__icon utility__icon--close svg-icon--close32"
                    fill="currentColor"
                    height={26}
                    viewBox="0 0 32 32"
                    width={26}
                    xmlns="http://www.w3.org/2000/svg"
                  >
                    <path
                      d="M7.00007316,7.70847994 L7.70712678,7.00132 L24.9999268,24.2915201 L24.2928732,24.99868 L7.00007316,7.70847994 Z M7.70712678,24.99868 L7.00007316,24.2915201 L24.2928732,7.00132 L24.9999268,7.70847994 L7.70712678,24.99868 Z"
                    />
                  </svg>
                </button>
              </div>
            </li>
            <li>
              <div
                className="association"
              >
                <h4
                  className="association-name"
                >
                  GOAT
                </h4>
              </div>
              <div
                className="utility"
              >
                <button
                  className="utility__button"
                  onClick={[Function]}
                  type="button"
                >
                  <span
                    className="screen-reader-text"
                  >
                    Remove 
                    GOAT
                     from the 
                    Tags
                     list.
                  </span>
                  <svg
                    aria-hidden={true}
                    className="manicon-svg utility__icon utility__icon--close svg-icon--close32"
                    fill="currentColor"
                    height={26}
                    viewBox="0 0 32 32"
                    width={26}
                    xmlns="http://www.w3.org/2000/svg"
                  >
                    <path
                      d="M7.00007316,7.70847994 L7.70712678,7.00132 L24.9999268,24.2915201 L24.2928732,24.99868 L7.00007316,7.70847994 Z M7.70712678,24.99868 L7.00007316,24.2915201 L24.2928732,7.00132 L24.9999268,7.70847994 L7.70712678,24.99868 Z"
                    />
                  </svg>
                </button>
              </div>
            </li>
          </ul>
        </div>
      </div>
      <div
        className="form-input"
      >
        <div
          className="form-input"
          style={Object {}}
        >
          <label
            className=""
            htmlFor="textarea-1"
          >
            Description
          </label>
          <textarea
            aria-describedby="textarea-error-1"
            id="textarea-1"
            onChange={[Function]}
            placeholder="Enter a description"
            style={
              Object {
                "height": 100,
              }
            }
            value=""
          />
        </div>
      </div>
      <div
        className="form-input"
      >
        <div
          className="form-input"
          style={Object {}}
        >
          <label
            className=""
            htmlFor="textarea-1"
          >
            Caption
          </label>
          <textarea
            aria-describedby="textarea-error-1"
            id="textarea-1"
            onChange={[Function]}
            placeholder="Enter a short description"
            style={
              Object {
                "height": 100,
              }
            }
            value=""
          />
        </div>
      </div>
      <div
        className="form-input"
      >
        <div
          className="form-input"
          style={Object {}}
        >
          <label
            className=""
            htmlFor="upload-1"
          >
            Image File
          </label>
          <react-dropzone
            accepts={
              Object {
                "accepts": "image/*",
                "extensions": "gif, jpeg, jpg, png",
              }
            }
            className="form-dropzone style-square"
            inputProps={
              Object {
                "aria-describedby": "upload-error-1",
                "id": "upload-1",
              }
            }
            multiple={false}
            onDrop={[Function]}
          >
            <div
              className="contents-empty"
            >
              <i
                aria-hidden="true"
                className="manicon manicon-cloud-up"
              />
              <div
                className="message"
              >
                <p
                  className="primary"
                >
                  <span
                    className="fake-link"
                    role="button"
                    tabIndex="0"
                  >
                    Upload a file
                  </span>
                   or 
                  <br />
                  drag and drop here
                  <br />
                </p>
                <p
                  className="secondary"
                >
                  gif, jpeg, jpg, png
                </p>
              </div>
            </div>
          </react-dropzone>
        </div>
      </div>
      <div
        className="form-input submit wide"
      >
        <input
          className="button-secondary outlined"
          type="submit"
          value="Save Resource"
        />
      </div>
    </form>
  </div>
</section>
`;
